---
source: crates/cx-core/tests/skeleton.rs
expression: report.rendered
---
## README.md [skipped: unsupported]

## app.py [Python]
class Account:
  def __init__(self, owner: str, balance: float = 0.0): …
  def deposit(self, amount: float) -> float: …
  def withdraw(self, amount: float) -> float: …
def compound(principal: float, rate: float, years: int) -> float: …

## geometry.rs [Rust]
pub struct Point …
impl Point
  pub fn new(x: f64, y: f64) -> Self …
  pub fn distance(&self, other: &Point) -> f64 …
pub fn sum(values: &[f64]) -> f64 …

## util.go [Go]
type Greeter struct { Prefix string }
func (g Greeter) Greet(name string) string …
func Max(a, b int) int …

## widget.ts [TypeScript]
interface Drawable …
type Size = { width: number; height: number };
class Button implements Drawable
  constructor(private label: string) …
  draw(): void …
function makeButton(label: string): Button …
